name:age:height:weight
"John":"30":"180":"75"
"Jane":"40":"160":"55"
"Joe":"20":"175":"70"
